// Jest Snapshot v1, https://goo.gl/fbAQLP

exports[`components/CategoriesTable should render correctly 1`] = `
<WithStyles(ForwardRef(Paper))>
  <WithStyles(ForwardRef(Grid))
    container={true}
    spacing={2}
  >
    <WithStyles(ForwardRef(Grid))
      className="vertical-divider"
      item={true}
      xs={3}
    >
      <WithStyles(ForwardRef(Grid))
        className="mainmenu-categories-header"
      >
        <WithStyles(ForwardRef(Typography))
          variant="h4"
        >
          Categories
        </WithStyles(ForwardRef(Typography))>
      </WithStyles(ForwardRef(Grid))>
      <ForwardRef(MenuList)>
        <WithStyles(ForwardRef(MenuItem))
          className="categoryMenuItem"
          component={[Function]}
          key="1"
          onClick={[Function]}
          selected={true}
          to="/category/1"
        >
          testName
        </WithStyles(ForwardRef(MenuItem))>
      </ForwardRef(MenuList)>
    </WithStyles(ForwardRef(Grid))>
    <WithStyles(ForwardRef(Grid))
      item={true}
      xs={9}
    >
      <div>
        <WithStyles(ForwardRef(Typography))
          className="left-margin"
          id="categories-table-name-typo"
          variant="h4"
        >
          testName
        </WithStyles(ForwardRef(Typography))>
        <WithStyles(ForwardRef(Divider))
          variant="middle"
        />
        <WithStyles(ForwardRef(List)) />
      </div>
    </WithStyles(ForwardRef(Grid))>
  </WithStyles(ForwardRef(Grid))>
</WithStyles(ForwardRef(Paper))>
`;
