// Jest Snapshot v1, https://goo.gl/fbAQLP

exports[`components/Home/Home should render correctly 1`] = `
<WithStyles(ForwardRef(Container))
  maxWidth="lg"
>
  <CategoriesTable
    categories={
      Array [
        Object {
          "created": "2019",
          "description": "testDesc",
          "id": "1",
          "name": "testName",
          "updated": "2019",
        },
      ]
    }
    categoriesLoading={false}
    fetchPosts={
      [MockFunction] {
        "calls": Array [
          Array [
            "1",
          ],
        ],
        "results": Array [
          Object {
            "type": "return",
            "value": undefined,
          },
        ],
      }
    }
    postsLoading={false}
    selectedCat={Object {}}
    selectedCatId="1"
    selectedCatItems={Array []}
  />
</WithStyles(ForwardRef(Container))>
`;
