// Jest Snapshot v1, https://goo.gl/fbAQLP

exports[`components/LoginDialog should render correctly 1`] = `
<WithStyles(ForwardRef(Dialog))
  onClose={[Function]}
  open={true}
>
  <WithStyles(ForwardRef(DialogTitle))>
    title
  </WithStyles(ForwardRef(DialogTitle))>
  <WithStyles(ForwardRef(DialogContent))>
    <WithStyles(ForwardRef(Typography))
      variant="body1"
    >
      text
    </WithStyles(ForwardRef(Typography))>
  </WithStyles(ForwardRef(DialogContent))>
  <WithStyles(ForwardRef(DialogActions))>
    <WithStyles(ForwardRef(Button))
      color="primary"
      id="confirm-dialog-confirm"
      onClick={[Function]}
    >
      Confirm
    </WithStyles(ForwardRef(Button))>
    <WithStyles(ForwardRef(Button))
      id="confirm-dialog-cancel"
      onClick={[Function]}
    >
      Cancel
    </WithStyles(ForwardRef(Button))>
  </WithStyles(ForwardRef(DialogActions))>
</WithStyles(ForwardRef(Dialog))>
`;
