// Jest Snapshot v1, https://goo.gl/fbAQLP

exports[`components/Shared/CustomAppBar should render correctly 1`] = `
<WithStyles(ForwardRef(AppBar))
  color="primary"
>
  <WithStyles(ForwardRef(Toolbar))>
    <WithStyles(ForwardRef(IconButton))
      color="inherit"
      component={[Function]}
      edge="start"
      exact="true"
      to="/"
    >
      <img
        alt="site logo"
        src="/img/logo.svg"
      />
    </WithStyles(ForwardRef(IconButton))>
    <WithStyles(ForwardRef(Typography))
      style={
        Object {
          "flexGrow": "1",
        }
      }
    />
    <LoginButton
      color="primary"
      currentUser={
        Object {
          "password": "minh",
          "token": "abc",
          "username": "minh",
        }
      }
      id="custom-app-bar-login-button"
      onClick={[Function]}
      signOut={[MockFunction]}
      variant="contained"
    />
    <LoginDialog
      errorMessage={Array []}
      onClick={[MockFunction]}
      onClose={[Function]}
      open={false}
    />
  </WithStyles(ForwardRef(Toolbar))>
</WithStyles(ForwardRef(AppBar))>
`;
