// Jest Snapshot v1, https://goo.gl/fbAQLP

exports[`components/LoginButton should render correctly 1`] = `
<div>
  <WithStyles(ForwardRef(Grid))
    alignItems="center"
    container={true}
  >
    <WithStyles(ForwardRef(Typography))
      variant="body1"
    >
      Welcome, yolo
    </WithStyles(ForwardRef(Typography))>
    <WithStyles(ForwardRef(Avatar))
      onClick={[Function]}
      style={
        Object {
          "backgroundColor": "#9C27B0",
          "color": "#fff",
          "margin": "0.5rem",
        }
      }
    >
      y
    </WithStyles(ForwardRef(Avatar))>
    <WithStyles(ForwardRef(Menu))
      anchorOrigin={
        Object {
          "horizontal": "center",
          "vertical": "bottom",
        }
      }
      getContentAnchorEl={null}
      id="simple-menu"
      keepMounted={true}
      onClose={[Function]}
      open={false}
      transformOrigin={
        Object {
          "horizontal": "center",
          "vertical": "top",
        }
      }
    >
      <WithStyles(ForwardRef(MenuItem))
        component={[Function]}
        exact="true"
        onClick={[Function]}
        to="/profile"
      >
        <WithStyles(ForwardRef(Grid))
          alignItems="center"
          container={true}
        >
          <PersonIcon
            color="primary"
            style={
              Object {
                "margin": "0 0.5rem 0 0",
              }
            }
          />
          <WithStyles(ForwardRef(Typography))
            color="primary"
            variant="button"
          >
            Profile
          </WithStyles(ForwardRef(Typography))>
        </WithStyles(ForwardRef(Grid))>
      </WithStyles(ForwardRef(MenuItem))>
      <WithStyles(ForwardRef(MenuItem))
        component={[Function]}
        exact="true"
        id="login-button-logout"
        onClick={[Function]}
        to="/"
      >
        <ExitToAppIcon
          color="error"
          style={
            Object {
              "margin": "0 0.5rem 0 0",
            }
          }
        />
        <WithStyles(ForwardRef(Typography))
          color="error"
          variant="button"
        >
          Logout
        </WithStyles(ForwardRef(Typography))>
      </WithStyles(ForwardRef(MenuItem))>
    </WithStyles(ForwardRef(Menu))>
  </WithStyles(ForwardRef(Grid))>
</div>
`;
