// Jest Snapshot v1, https://goo.gl/fbAQLP

exports[`components/LoginDialog should render correctly 1`] = `
<WithStyles(ForwardRef(Container))
  maxWidth="lg"
>
  <WithStyles(ForwardRef(Paper))
    style={
      Object {
        "padding": "1rem",
      }
    }
  >
    <WithStyles(ForwardRef(Grid))
      container={true}
      justify="center"
      spacing={2}
    >
      <WithStyles(ForwardRef(Grid))
        item={true}
        xs={12}
      >
        <WithStyles(ForwardRef(Typography))
          variant="h3"
        >
          Page Not Found
        </WithStyles(ForwardRef(Typography))>
      </WithStyles(ForwardRef(Grid))>
      <WithStyles(ForwardRef(Grid))
        item={true}
        xs={12}
      >
        <WithStyles(ForwardRef(Typography))
          variant="body1"
        >
          The link you followed may be broken, or the page may have been removed.
        </WithStyles(ForwardRef(Typography))>
      </WithStyles(ForwardRef(Grid))>
      <WithStyles(ForwardRef(Grid))
        item={true}
        xs={12}
      >
        <WithStyles(ForwardRef(Button))
          color="primary"
          component={[Function]}
          exact="true"
          to="/"
          variant="contained"
        >
          Go back to Home
        </WithStyles(ForwardRef(Button))>
      </WithStyles(ForwardRef(Grid))>
    </WithStyles(ForwardRef(Grid))>
  </WithStyles(ForwardRef(Paper))>
</WithStyles(ForwardRef(Container))>
`;
