// Jest Snapshot v1, https://goo.gl/fbAQLP

exports[`components/ModifyItem should render correctly 1`] = `
<WithStyles(ForwardRef(Container))
  maxWidth="lg"
>
  <WithStyles(ForwardRef(Paper))
    className="paper"
  >
    <WithStyles(ForwardRef(Typography))
      variant="h4"
    >
      Edit Post
    </WithStyles(ForwardRef(Typography))>
    <form
      autoComplete="off"
      onSubmit={[Function]}
    >
      <WithStyles(ForwardRef(TextField))
        className="left-margin"
        disabled={true}
        fullWidth={true}
        id="categories"
        label="Category"
        margin="normal"
        name="selectedCategory"
        onChange={[Function]}
        required={true}
        select={true}
        value="1"
      >
        <WithStyles(ForwardRef(MenuItem))
          key="1"
          value="1"
        >
          haha
        </WithStyles(ForwardRef(MenuItem))>
      </WithStyles(ForwardRef(TextField))>
      <WithStyles(ForwardRef(TextField))
        fullWidth={true}
        id="title"
        label="Title"
        margin="normal"
        onChange={[Function]}
        required={true}
        value="haha"
      />
      <WithStyles(ForwardRef(TextField))
        fullWidth={true}
        id="description"
        label="Description"
        margin="normal"
        multiline={true}
        onChange={[Function]}
        required={true}
        value="haha"
      />
      <WithStyles(ForwardRef(Grid))
        container={true}
        justify="space-evenly"
      >
        <WithStyles(ForwardRef(Button))
          color="primary"
          type="submit"
          variant="contained"
        >
          <BackupIcon
            className="icon-padding"
          />
          Submit
        </WithStyles(ForwardRef(Button))>
        <WithStyles(ForwardRef(Button))
          component={[Function]}
          exact="true"
          to="/profile"
          variant="contained"
        >
          <CancelIcon
            className="icon-padding"
          />
          Cancel
        </WithStyles(ForwardRef(Button))>
      </WithStyles(ForwardRef(Grid))>
    </form>
  </WithStyles(ForwardRef(Paper))>
</WithStyles(ForwardRef(Container))>
`;
