// Jest Snapshot v1, https://goo.gl/fbAQLP

exports[`components/PostItem should render correctly 1`] = `
<WithStyles(ForwardRef(Grid))
  container={true}
  justify="space-between"
  spacing={2}
>
  <ConfirmDialog
    contentText="Are you sure you want to delete bro?"
    onCancel={[Function]}
    onClose={[Function]}
    onConfirm={[Function]}
    open={false}
    title="Delete"
  />
  <WithStyles(ForwardRef(Grid))
    item={true}
  >
    <WithStyles(ForwardRef(Grid))
      container={true}
      direction="column"
    >
      <WithStyles(ForwardRef(Link))
        color="inherit"
        component={[Function]}
        exact="true"
        to="/1/undefined"
        underline="none"
        variant="h4"
      >
        bro
      </WithStyles(ForwardRef(Link))>
      <WithStyles(ForwardRef(Typography))
        variant="subtitle1"
      >
        Category: cat
      </WithStyles(ForwardRef(Typography))>
      <WithStyles(ForwardRef(Typography))
        variant="subtitle1"
      >
        Created: 2019
      </WithStyles(ForwardRef(Typography))>
      <WithStyles(ForwardRef(Typography))
        variant="caption"
      >
        Description: bro
      </WithStyles(ForwardRef(Typography))>
    </WithStyles(ForwardRef(Grid))>
  </WithStyles(ForwardRef(Grid))>
  <WithStyles(ForwardRef(Grid))
    item={true}
  >
    <WithStyles(ForwardRef(Typography)) />
    <WithStyles(ForwardRef(IconButton))
      onClick={[Function]}
    >
      <MoreVertIcon />
    </WithStyles(ForwardRef(IconButton))>
  </WithStyles(ForwardRef(Grid))>
  <WithStyles(ForwardRef(Menu))
    anchorOrigin={
      Object {
        "horizontal": "right",
        "vertical": "bottom",
      }
    }
    getContentAnchorEl={null}
    id="simple-menu"
    keepMounted={true}
    onClose={[Function]}
    open={false}
    transformOrigin={
      Object {
        "horizontal": "right",
        "vertical": "top",
      }
    }
  >
    <WithStyles(ForwardRef(MenuItem))
      component={[Function]}
      exact="true"
      onClick={[Function]}
      to="/profile/1/undefined/edit"
    >
      <WithStyles(ForwardRef(Grid))
        alignItems="center"
        container={true}
      >
        <UpdateIcon
          className="icon-padding"
          color="primary"
        />
        <WithStyles(ForwardRef(Typography))
          color="primary"
          variant="button"
        >
          Update
        </WithStyles(ForwardRef(Typography))>
      </WithStyles(ForwardRef(Grid))>
    </WithStyles(ForwardRef(MenuItem))>
    <WithStyles(ForwardRef(MenuItem))
      id="post-item-delete"
      onClick={[Function]}
    >
      <DeleteIcon
        className="icon-padding"
        color="error"
      />
      <WithStyles(ForwardRef(Typography))
        color="error"
        variant="button"
      >
        Delete
      </WithStyles(ForwardRef(Typography))>
    </WithStyles(ForwardRef(MenuItem))>
  </WithStyles(ForwardRef(Menu))>
</WithStyles(ForwardRef(Grid))>
`;
