// Jest Snapshot v1, https://goo.gl/fbAQLP

exports[`components/PostItem should render correctly 1`] = `
<WithStyles(ForwardRef(Container))
  maxWidth="lg"
>
  <UserPostsPaper
    loading={false}
    posts={
      Array [
        Object {
          "description": "meo",
          "name": "meo",
        },
      ]
    }
    token="minh"
    username="minh"
  />
</WithStyles(ForwardRef(Container))>
`;
