// Jest Snapshot v1, https://goo.gl/fbAQLP

exports[`components/PostItem should render correctly 1`] = `
<WithStyles(ForwardRef(Paper))
  className="left-margin"
>
  <WithStyles(ForwardRef(Grid))
    alignItems="center"
    container={true}
    justify="space-between"
  >
    <WithStyles(ForwardRef(Grid))
      item={true}
    >
      <WithStyles(ForwardRef(Grid))
        alignItems="center"
        container={true}
      >
        <WithStyles(ForwardRef(Avatar))
          style={
            Object {
              "backgroundColor": "#fdb600",
              "color": "#fff",
              "margin": "0.5rem",
            }
          }
        >
          m
        </WithStyles(ForwardRef(Avatar))>
        <WithStyles(ForwardRef(Typography))
          variant="body1"
        >
          minh
        </WithStyles(ForwardRef(Typography))>
      </WithStyles(ForwardRef(Grid))>
    </WithStyles(ForwardRef(Grid))>
    <WithStyles(ForwardRef(Grid))
      item={true}
    >
      <WithStyles(ForwardRef(Fab))
        color="primary"
        component={[Function]}
        exact="true"
        style={
          Object {
            "boxShadow": "none",
          }
        }
        to="/new-item"
        variant="extended"
      >
        <LibraryAddIcon
          className="icon-padding"
        />
        New item
      </WithStyles(ForwardRef(Fab))>
    </WithStyles(ForwardRef(Grid))>
  </WithStyles(ForwardRef(Grid))>
  <WithStyles(ForwardRef(Divider)) />
  <PostList
    posts={
      Array [
        Object {
          "description": "meo",
          "name": "meo",
        },
      ]
    }
  />
</WithStyles(ForwardRef(Paper))>
`;
