// Jest Snapshot v1, https://goo.gl/fbAQLP

exports[`components/Post should render correctly 1`] = `
<WithStyles(ForwardRef(Container))
  maxWidth="lg"
>
  <PostPaper
    categoryId="1"
    categoryName="name"
    created="2019"
    description="desc"
    header="name"
    price={99}
  />
</WithStyles(ForwardRef(Container))>
`;
