// Jest Snapshot v1, https://goo.gl/fbAQLP

exports[`components/PostPaper should render correctly 1`] = `
<WithStyles(ForwardRef(Paper))
  className="left-margin"
>
  <WithStyles(ForwardRef(Button))
    color="primary"
    component={[Function]}
    to="/1"
  >
    Back
  </WithStyles(ForwardRef(Button))>
  <WithStyles(ForwardRef(Typography))
    variant="h4"
  >
    header
  </WithStyles(ForwardRef(Typography))>
  <WithStyles(ForwardRef(Typography))
    variant="subtitle1"
  >
    Created: undefined
  </WithStyles(ForwardRef(Typography))>
  <WithStyles(ForwardRef(Typography))
    variant="subtitle1"
  >
    Category: undefined
  </WithStyles(ForwardRef(Typography))>
  <WithStyles(ForwardRef(Divider)) />
  <WithStyles(ForwardRef(Typography))
    variant="body1"
  >
    body
  </WithStyles(ForwardRef(Typography))>
</WithStyles(ForwardRef(Paper))>
`;
